2025-12-14 14:57:13,508 utils INFO: Успешное чтение файла excel
2025-12-14 14:57:14,178 utils INFO: Успешное чтение файла excel
2025-12-14 14:57:14,198 utils INFO: Успешный отбор по дате
2025-12-14 14:57:14,199 utils INFO: Успешный вывод данных по операциям
2025-12-14 14:57:14,200 utils INFO: Успешный вывод данных Топ-5 транзакций
2025-12-14 14:57:18,570 utils ERROR: Ошибка 'Global Quote' Возможно закончился лимит подключения к API. Проверьте возможность подключения на сайте https://www.alphavantage.co/
2025-12-14 14:57:18,571 utils INFO: Успешно получена информация от API по курсам валют и акциям
2025-12-14 14:57:18,572 utils INFO: Успешно сформирован JSON-ответ
2025-12-14 14:57:18,614 utils INFO: Успешно выполнен поиск по телефонам
2025-12-14 14:57:18,614 utils INFO: Период отбора задан с 2017-10-12 00:00:00 по 2018-01-10 00:00:00
2025-12-14 14:57:18,630 utils INFO: Период отобран с 2017-10-12 00:00:00 по 2018-01-10 00:00:00
2025-12-14 14:57:18,631 utils INFO: Сделан отбор по категории Супермаркеты
2025-12-14 14:57:18,632 utils INFO: Результат отбора сохранен в файл  report.json
2025-12-14 14:57:18,646 utils INFO: Период отбора задан с 2017-10-12 00:00:00 по 2018-01-10 00:00:00
2025-12-14 14:57:18,648 utils INFO: Период отобран с 2017-10-12 00:00:00 по 2018-01-10 00:00:00
2025-12-14 14:57:18,648 utils INFO: Сделан отбор по категории Супермаркеты
2025-12-14 14:57:18,649 utils INFO: Результат отбора сохранен в файл  report.json
2025-12-14 14:57:18,651 utils ERROR: Ошибка входных данных. Ошибка: ValueErrorНе верный формат даты Формат даты: ГГГГ-ММ-ДД ЧЧ:ММ:СС.
2025-12-14 14:57:18,652 utils INFO: Результат отбора сохранен в файл  report.json
2025-12-14 14:57:18,656 utils INFO: Успешный отбор по дате
2025-12-14 14:57:18,659 utils INFO: Успешный вывод данных по операциям
2025-12-14 14:57:18,661 utils INFO: Успешный вывод данных Топ-5 транзакций
2025-12-14 14:57:18,664 utils ERROR: 'user_currencies'
2025-12-14 14:57:18,666 utils ERROR: 
2025-12-14 14:57:18,667 utils ERROR: 'rates'
